// Jest Snapshot v1, https://jestjs.io/docs/snapshot-testing

exports[`lint snapshot 1`] = `
[
  "legoAndroid: colors.colorBackgroundAccentThemedAlpha error: Color token type mismatch: alpha token name but opaque value",
  "legoAndroid: colors.colorBackgroundContentAlpha error: Color token type mismatch: alpha token name but opaque value",
  "legoAndroid: colors.colorBackgroundSecondaryAlpha error: Color token type mismatch: alpha token name but opaque value",
  "legoAndroid: colors.colorBackgroundTertiaryAlpha error: Color token type mismatch: alpha token name but opaque value",
  "legoAndroid: colors.colorBackgroundContrastSecondaryAlpha error: Color token type mismatch: alpha token name but opaque value",
  "legoAndroid: colors.colorTextPrimaryAlpha error: Color token type mismatch: alpha token name but opaque value",
  "legoAndroid: colors.colorTextSecondaryAlpha error: Color token type mismatch: alpha token name but opaque value",
  "legoAndroid: colors.colorIconMediumAlpha error: Color token type mismatch: alpha token name but opaque value",
  "legoAndroid: colors.colorIconSecondaryAlpha error: Color token type mismatch: alpha token name but opaque value",
  "legoAndroid: colors.colorIconTertiaryAlpha error: Color token type mismatch: alpha token name but opaque value",
  "legoAndroid: colors.colorSeparatorPrimaryAlpha error: Color token type mismatch: alpha token name but opaque value",
  "legoAndroid: colors.colorImageBorderAlpha error: Color token type mismatch: alpha token name but opaque value",
  "legoAndroid: colors.colorFieldBorderAlpha error: Color token type mismatch: alpha token name but opaque value",
  "legoAndroid: colors.colorOverlayPrimary error: Color token type mismatch: alpha token name but opaque value",
  "legoAndroid: colors.colorOverlaySecondary error: Color token type mismatch: alpha token name but opaque value",
  "legoAndroid: colors.colorAvatarOverlayInverseAlpha error: Color token type mismatch: alpha token name but opaque value",
  "legoAndroid: colors.colorImagePlaceholderAlpha error: Color token type mismatch: alpha token name but opaque value",
  "legoAndroid: colors.colorWriteBarInputBorderAlpha error: Color token type mismatch: alpha token name but opaque value",
  "legoAndroid: colors.colorTransparent error: Color token type mismatch: alpha token name but opaque value",
  "legoAndroidDark: colors.colorBackgroundAccentThemedAlpha error: Color token type mismatch: alpha token name but opaque value",
  "legoAndroidDark: colors.colorBackgroundContentAlpha error: Color token type mismatch: alpha token name but opaque value",
  "legoAndroidDark: colors.colorBackgroundSecondaryAlpha error: Color token type mismatch: alpha token name but opaque value",
  "legoAndroidDark: colors.colorBackgroundTertiaryAlpha error: Color token type mismatch: alpha token name but opaque value",
  "legoAndroidDark: colors.colorBackgroundContrastSecondaryAlpha error: Color token type mismatch: alpha token name but opaque value",
  "legoAndroidDark: colors.colorTextPrimaryAlpha error: Color token type mismatch: alpha token name but opaque value",
  "legoAndroidDark: colors.colorTextSecondaryAlpha error: Color token type mismatch: alpha token name but opaque value",
  "legoAndroidDark: colors.colorIconMediumAlpha error: Color token type mismatch: alpha token name but opaque value",
  "legoAndroidDark: colors.colorIconSecondaryAlpha error: Color token type mismatch: alpha token name but opaque value",
  "legoAndroidDark: colors.colorIconTertiaryAlpha error: Color token type mismatch: alpha token name but opaque value",
  "legoAndroidDark: colors.colorSeparatorPrimaryAlpha error: Color token type mismatch: alpha token name but opaque value",
  "legoAndroidDark: colors.colorImageBorderAlpha error: Color token type mismatch: alpha token name but opaque value",
  "legoAndroidDark: colors.colorFieldBorderAlpha error: Color token type mismatch: alpha token name but opaque value",
  "legoAndroidDark: colors.colorOverlayPrimary error: Color token type mismatch: alpha token name but opaque value",
  "legoAndroidDark: colors.colorOverlaySecondary error: Color token type mismatch: alpha token name but opaque value",
  "legoAndroidDark: colors.colorAvatarOverlayInverseAlpha error: Color token type mismatch: alpha token name but opaque value",
  "legoAndroidDark: colors.colorImagePlaceholderAlpha error: Color token type mismatch: alpha token name but opaque value",
  "legoAndroidDark: colors.colorWriteBarInputBorderAlpha error: Color token type mismatch: alpha token name but opaque value",
  "legoAndroidDark: colors.colorTransparent error: Color token type mismatch: alpha token name but opaque value",
  "legoIOS: colors.colorBackgroundAccentThemedAlpha error: Color token type mismatch: alpha token name but opaque value",
  "legoIOS: colors.colorBackgroundContentAlpha error: Color token type mismatch: alpha token name but opaque value",
  "legoIOS: colors.colorBackgroundSecondaryAlpha error: Color token type mismatch: alpha token name but opaque value",
  "legoIOS: colors.colorBackgroundTertiaryAlpha error: Color token type mismatch: alpha token name but opaque value",
  "legoIOS: colors.colorBackgroundContrastSecondaryAlpha error: Color token type mismatch: alpha token name but opaque value",
  "legoIOS: colors.colorTextPrimaryAlpha error: Color token type mismatch: alpha token name but opaque value",
  "legoIOS: colors.colorTextSecondaryAlpha error: Color token type mismatch: alpha token name but opaque value",
  "legoIOS: colors.colorIconMediumAlpha error: Color token type mismatch: alpha token name but opaque value",
  "legoIOS: colors.colorIconSecondaryAlpha error: Color token type mismatch: alpha token name but opaque value",
  "legoIOS: colors.colorIconTertiaryAlpha error: Color token type mismatch: alpha token name but opaque value",
  "legoIOS: colors.colorSeparatorPrimaryAlpha error: Color token type mismatch: alpha token name but opaque value",
  "legoIOS: colors.colorImageBorderAlpha error: Color token type mismatch: alpha token name but opaque value",
  "legoIOS: colors.colorFieldBorderAlpha error: Color token type mismatch: alpha token name but opaque value",
  "legoIOS: colors.colorOverlayPrimary error: Color token type mismatch: alpha token name but opaque value",
  "legoIOS: colors.colorOverlaySecondary error: Color token type mismatch: alpha token name but opaque value",
  "legoIOS: colors.colorAvatarOverlayInverseAlpha error: Color token type mismatch: alpha token name but opaque value",
  "legoIOS: colors.colorImagePlaceholderAlpha error: Color token type mismatch: alpha token name but opaque value",
  "legoIOS: colors.colorWriteBarInputBorderAlpha error: Color token type mismatch: alpha token name but opaque value",
  "legoIOS: colors.colorTransparent error: Color token type mismatch: alpha token name but opaque value",
  "legoIOSDark: colors.colorBackgroundAccentThemedAlpha error: Color token type mismatch: alpha token name but opaque value",
  "legoIOSDark: colors.colorBackgroundContentAlpha error: Color token type mismatch: alpha token name but opaque value",
  "legoIOSDark: colors.colorBackgroundSecondaryAlpha error: Color token type mismatch: alpha token name but opaque value",
  "legoIOSDark: colors.colorBackgroundTertiaryAlpha error: Color token type mismatch: alpha token name but opaque value",
  "legoIOSDark: colors.colorBackgroundContrastSecondaryAlpha error: Color token type mismatch: alpha token name but opaque value",
  "legoIOSDark: colors.colorTextPrimaryAlpha error: Color token type mismatch: alpha token name but opaque value",
  "legoIOSDark: colors.colorTextSecondaryAlpha error: Color token type mismatch: alpha token name but opaque value",
  "legoIOSDark: colors.colorIconMediumAlpha error: Color token type mismatch: alpha token name but opaque value",
  "legoIOSDark: colors.colorIconSecondaryAlpha error: Color token type mismatch: alpha token name but opaque value",
  "legoIOSDark: colors.colorIconTertiaryAlpha error: Color token type mismatch: alpha token name but opaque value",
  "legoIOSDark: colors.colorSeparatorPrimaryAlpha error: Color token type mismatch: alpha token name but opaque value",
  "legoIOSDark: colors.colorImageBorderAlpha error: Color token type mismatch: alpha token name but opaque value",
  "legoIOSDark: colors.colorFieldBorderAlpha error: Color token type mismatch: alpha token name but opaque value",
  "legoIOSDark: colors.colorOverlayPrimary error: Color token type mismatch: alpha token name but opaque value",
  "legoIOSDark: colors.colorOverlaySecondary error: Color token type mismatch: alpha token name but opaque value",
  "legoIOSDark: colors.colorAvatarOverlayInverseAlpha error: Color token type mismatch: alpha token name but opaque value",
  "legoIOSDark: colors.colorImagePlaceholderAlpha error: Color token type mismatch: alpha token name but opaque value",
  "legoIOSDark: colors.colorWriteBarInputBorderAlpha error: Color token type mismatch: alpha token name but opaque value",
  "legoIOSDark: colors.colorTransparent error: Color token type mismatch: alpha token name but opaque value",
  "calendar: colors.calendarColorSidebarItemBackground error: Color token type mismatch: opaque token name but alpha value",
  "calendarDark: colors.calendarColorSidebarItemBackground error: Color token type mismatch: opaque token name but alpha value",
  "otvet: colors.colorFieldBackground error: Color token type mismatch: opaque token name but alpha value",
  "otvetDark: colors.colorBackgroundTertiary error: Color token type mismatch: opaque token name but alpha value",
  "otvetDark: colors.colorFieldBackground error: Color token type mismatch: opaque token name but alpha value",
  "cloud: colors.cloudColorIconTransportThemed error: Color token type mismatch: opaque token name but alpha value",
  "cloud: colors.cloudColorIconFinanceThemed error: Color token type mismatch: opaque token name but alpha value",
  "cloudDark: colors.cloudColorIconTransportThemed error: Color token type mismatch: opaque token name but alpha value",
  "cloudDark: colors.cloudColorIconFinanceThemed error: Color token type mismatch: opaque token name but alpha value",
]
`;
